
---------------------------------
   00|01|02|03|04|05|06|07|08|09|
00: S| T|  |  |  |  |  |  | X| W|
01: X|  |  |  |  |  |  |  |  | T|
02:  |  |  |  |  |  | W| S|  |  |
03:  |  |  |  |  |  | X|  |  |  |
04:  |  |  |  |  |  |  |  |  |  |
05:  |  |  |  |  |  |  |  |  |  |
06:  |  |  |  |  |  |  |  |  |  |
07:  |  |  |  |  |  |  |  |  |  |
08:  |  | T| S|  |  |  |  |  |  |
09:  |  |  |  |  |  |  | W|  | W|
---------------------------------

Iteration 1 Red
---------------------------------
   00|01|02|03|04|05|06|07|08|09|
00:  | $|  |  |  |  |  |  | X| W|
01: X|  |  |  |  |  |  |  |  | T|
02:  |  |  |  |  |  |  | W|  |  |
03:  |  |  |  |  |  | X|  |  |  |
04:  |  |  |  |  |  |  |  |  |  |
05:  |  |  |  |  |  |  |  |  |  |
06:  |  |  |  |  |  |  |  |  |  |
07:  |  |  |  |  |  |  |  |  |  |
08:  |  | T| S|  |  |  |  |  |  |
09:  |  |  |  |  |  |  |  | W|  |
---------------------------------

Iteration 1 Black
---------------------------------
   00|01|02|03|04|05|06|07|08|09|
00:  | T|  |  |  |  |  |  | X| W|
01: X| S|  |  |  |  |  |  |  | T|
02:  |  |  |  |  |  | W|  |  |  |
03:  |  |  |  |  |  | X|  |  |  |
04:  |  |  |  |  |  |  |  |  |  |
05:  |  |  |  |  |  |  |  |  |  |
06:  |  |  |  |  |  |  |  |  |  |
07:  |  |  |  |  |  |  |  |  |  |
08:  |  | $|  |  |  |  |  |  |  |
09:  |  |  |  |  |  |  | W|  |  |
---------------------------------

Iteration 2 Red
---------------------------------
   00|01|02|03|04|05|06|07|08|09|
00:  | T|  |  |  |  |  |  | X| W|
01: X|  |  |  |  |  |  |  |  | T|
02:  | S|  |  |  | W|  |  |  |  |
03:  |  |  |  |  |  | X|  |  |  |
04:  |  |  |  |  |  |  |  |  |  |
05:  |  |  |  |  |  |  |  |  |  |
06:  |  |  |  |  |  |  |  |  |  |
07:  |  |  |  |  |  |  |  |  |  |
08:  |  | T|  |  |  |  |  |  |  |
09:  |  | S|  |  |  |  |  | W|  |
---------------------------------

Iteration 2 Black
---------------------------------
   00|01|02|03|04|05|06|07|08|09|
00:  | T|  |  |  |  |  |  | X| W|
01: X|  |  |  |  |  |  |  |  | T|
02:  |  | S|  |  |  | W|  |  |  |
03:  |  |  |  |  |  | X|  |  |  |
04:  |  |  |  |  |  |  |  |  |  |
05:  |  |  |  |  |  |  |  |  |  |
06:  |  |  |  |  |  |  |  |  |  |
07:  |  |  |  |  |  |  |  |  |  |
08:  |  | T|  |  |  |  |  |  |  |
09:  | S|  |  |  |  |  | W|  |  |
---------------------------------

Iteration 3 Red
---------------------------------
   00|01|02|03|04|05|06|07|08|09|
00:  | T|  |  |  |  |  |  | X| W|
01: X|  |  |  |  |  |  |  |  | T|
02:  |  |  |  |  | W|  |  |  |  |
03:  |  | S|  |  |  | X|  |  |  |
04:  |  |  |  |  |  |  |  |  |  |
05:  |  |  |  |  |  |  |  |  |  |
06:  |  |  |  |  |  |  |  |  |  |
07:  |  |  |  |  |  |  |  |  |  |
08:  |  | T|  |  |  |  |  |  |  |
09:  |  | S|  |  |  |  |  | W|  |
---------------------------------

Iteration 3 Black
---------------------------------
   00|01|02|03|04|05|06|07|08|09|
00:  | T|  |  |  |  |  |  | X| W|
01: X|  |  |  |  |  |  |  |  | T|
02:  |  | S|  |  |  | W|  |  |  |
03:  |  |  |  |  |  | X|  |  |  |
04:  |  |  |  |  |  |  |  |  |  |
05:  |  |  |  |  |  |  |  |  |  |
06:  |  |  |  |  |  |  |  |  |  |
07:  |  |  |  |  |  |  |  |  |  |
08:  |  | T|  |  |  |  |  |  |  |
09:  | S|  |  |  |  |  | W|  |  |
---------------------------------

Iteration 4 Red
---------------------------------
   00|01|02|03|04|05|06|07|08|09|
00:  | T|  |  |  |  |  |  | X| W|
01: X|  |  |  |  |  |  |  |  | T|
02:  |  |  |  |  | W| W|  |  |  |
03:  |  | S|  |  |  | X|  |  |  |
04:  |  |  |  |  |  |  |  |  |  |
05:  |  |  |  |  |  |  |  |  |  |
06:  |  |  |  |  |  |  |  |  |  |
07:  |  |  |  |  |  |  |  |  |  |
08:  |  | T|  |  |  |  |  |  |  |
09:  |  | S|  |  |  |  | W| W|  |
---------------------------------

Iteration 4 Black
---------------------------------
   00|01|02|03|04|05|06|07|08|09|
00:  | T|  |  |  |  |  |  | X| W|
01: X|  |  |  |  |  |  |  |  | T|
02:  |  | S|  |  |  | W|  |  |  |
03:  |  |  |  |  | W| X|  |  |  |
04:  |  |  |  |  |  |  |  |  |  |
05:  |  |  |  |  |  |  |  |  |  |
06:  |  |  |  |  |  |  |  |  |  |
07:  |  |  |  |  |  |  |  |  |  |
08:  |  | T|  |  |  |  |  | W|  |
09:  | S|  |  |  |  |  | W|  |  |
---------------------------------
0 1 t
0 8 i
0 9 w
1 0 i
1 9 t
2 2 s
2 6 w
3 5 w
3 6 i
8 2 t
8 8 w
9 1 s
9 7 w
