0 6 s
1 1 s
1 8 i
2 2 s
2 4 s
2 6 s
3 5 i
4 2 s
4 4 s
4 6 i
4 8 s
5 7 i
6 0 s
6 2 s
6 4 s
7 1 s
8 0 s
8 3 i
8 4 s
8 6 s
8 8 s
9 1 s
9 7 s
